みんな
ac
academy
accountant
accountants
ac.nz
actor
adult
ae
ae.org
af
africa
ag
agency
ai
am
apartments
archi
art
as
asia
associates
at
attorney
auction
band
bar
bargains
bayern
be
beer
berlin
best
bet
bid
bike
bingo
bio
biz
black
blog
blue
boston
boutique
br
br.com
brussels
build
builders
business
buzz
bz
ca
cab
cafe
cam
camera
camp
capetown
capital
cards
care
career
careers
casa
cash
casino
catering
cc
center
ch
chat
cheap
church
city
cl
claims
cleaning
click
clinic
clothing
cloud
club
cm
cn.com
co
coach
codes
coffee
college
cologne
com
com.ar
com.au
com.br
community
company
computer
com.sb
com.sg
condos
construction
consulting
contractors
co.nz
cooking
cool
co.uk
country
coupons
courses
co.za
credit
cricket
cruises
cx
cz
dance
date
dating
de
deals
degree
delivery
democrat
dental
dentist
design
diamonds
digital
direct
directory
discount
dk
doctor
dog
domains
download
durban
earth
ec
eco
edu
education
email
energy
engineer
engineering
enterprises
equipment
es
estate
eu
eu.com
events
exchange
expert
exposed
express
fail
faith
family
fans
farm
fashion
fi
finance
financial
fish
fishing
fit
fitness
flights
florist
fm
football
forsale
foundation
fr
fun
fund
furniture
futbol
fyi
gallery
games
garden
gd
geek.nz
gen.nz
gg
gift
gifts
gives
gl
glass
global
gold
golf
gov
gr
graphics
gratis
green
gripe
group
gs
guide
guru
gy
hamburg
haus
health
healthcare
help
hn
hockey
holdings
holiday
horse
hospital
host
house
how
ht
id.au
im
immo
immobilien
in
industries
info
ink
institute
insure
international
investments
io
is
it
je
jetzt
jewelry
joburg
jp
jpn.com
kaufen
kim
kitchen
kiwi
kiwi.nz
koeln
kyoto
la
land
lat
lawyer
lc
lease
legal
lgbt
li
life
lighting
limited
limo
link
live
loan
loans
lol
london
love
lt
ltd
lu
lv
maison
management
maori.nz
market
marketing
mba
me
media
melbourne
memorial
men
menu
me.uk
miami
mn
mobi
moda
moe
mom
money
mortgage
ms
mu
mx
nagoya
name
net
net.au
net.nz
network
news
ngo
ninja
nl
nu
nyc
nz
okinawa
one
onl
online
org
org
organic
org.au
org.nz
org.uk
osaka
paris
partners
parts
party
pe
pet
ph
photo
photography
photos
pics
pictures
pink
pizza
pl
place
plumbing
plus
pm
poker
porn
press
pro
productions
promo
properties
pt
pub
pw
qa
qpon
quebec
racing
re
recipes
red
rehab
reise
reisen
rent
rentals
repair
report
republican
rest
restaurant
review
reviews
rip
rocks
rodeo
ru.com
run
ryukyu
sa.com
sale
salon
sarl
sc
school
school.nz
schule
science
scot
se
services
sexy
sg
sh
shiksha
shoes
shop
shopping
show
singles
site
ski
soccer
social
software
solar
solutions
soy
space
store
stream
studio
study
style
supplies
supply
support
surf
surgery
sx
sydney
systems
taipei
tattoo
tax
taxi
tc
team
tech
technology
tel
tennis
tf
theater
tienda
tips
tires
tk
tl
to
today
tokyo
tools
top
tours
town
toys
trade
trading
training
tube
tv
tw
uk
uk.com
university
uno
us
us.com
vacations
vc
vegas
ventures
vet
vg
viajes
video
villas
vin
vip
vision
vlaanderen
vodka
vote
voting
voyage
wales
wang
watch
webcam
website
wedding
wf
wien
wiki
win
wine
work
works
world
ws
wtf
xyz
yoga
yokohama
yt
za.com
zone
ОРГ
संगठन
世界
中文网
企业
在线
机构
游戏
移动
